Microchip MPLAB XC8 Compiler V2.40

Linker command line:

-W-3 \
  --edf=C:\Program Files\Microchip\xc8\v2.40\pic\dat\20220703182018_en.msgs \
  -cn -h+dist/default/production\maxseg.X.production.sym \
  --cmf=dist/default/production\maxseg.X.production.cmf -z -Q16F877A \
  -oC:\Users\AZETECH\AppData\Local\Temp\xcAs1kc.4 --defsym=__MPLAB_BUILD=1 \
  --fixupoverflow=error -Mdist/default/production/maxseg.X.production.map \
  --md=C:\Users\AZETECH\AppData\Local\Temp\xcAs1kc.dat -E1 \
  -ver=XC8 Compiler --acfsm=1493 -ACODE=00h-07FFhx4 -ASTRCODE=00h-01FFFh \
  -ASTRING=00h-0FFhx32 -ACONST=00h-0FFhx32 -AENTRY=00h-0FFhx32 \
  -ACOMMON=070h-07Fh -ABANK0=020h-06Fh -ABANK1=0A0h-0EFh \
  -ABANK2=0110h-016Fh -ABANK3=0190h-01EFh \
  -ARAM=020h-06Fh,0A0h-0EFh,0110h-016Fh,0190h-01EFh \
  -AABS1=020h-07Fh,0A0h-0EFh,0110h-016Fh,0190h-01EFh -ASFR0=00h-01Fh \
  -ASFR1=080h-09Fh -ASFR2=0100h-010Fh -ASFR3=0180h-018Fh \
  -ACONFIG=02007h-02007h -DCONFIG=2 -AIDLOC=02000h-02003h -DIDLOC=2 \
  -AEEDATA=00h-0FFh/02100h -peeprom_data=EEDATA -DEEDATA=2 -DCODE=2 \
  -DSTRCODE=2 -DSTRING=2 -DCONST=2 -DENTRY=2 \
  -preset_vec=00h,intentry,init,end_init -ppowerup=CODE -pcinit=CODE \
  -pfunctab=ENTRY -k C:\Users\AZETECH\AppData\Local\Temp\xcAs1kc.o \
  dist/default/production\maxseg.X.production.o 

Object code version is 3.11

Machine type is 16F877A



                Name                               Link     Load   Length Selector   Space Scale
C:\Users\AZETECH\AppData\Local\Temp\xcAs1kc.o
                end_init                              0        0        3        0       0
dist/default/production\maxseg.X.production.o
                cinit                               7F9      7F9        7      FF2       0
                text6                               61D      61D       18      C3A       0
                text5                               609      609       14      C12       0
                text4                               689      689       66      D12       0
                text3                               635      635       54      C6A       0
                text2                               75A      75A       9F      EB4       0
                text1                               601      601        8      C02       0
                maintext                            6EF      6EF       6B      DDE       0
                cstackBANK0                          20       20       16       20       1
                cstackCOMMON                         70       70        E       70       1
                bssBANK0                             36       36        1       20       1

TOTAL           Name                               Link     Load   Length     Space
        CLASS   CODE           
                end_init                              0        0        3         0
                cinit                               7F9      7F9        7         0
                text6                               61D      61D       18         0
                text5                               609      609       14         0
                text4                               689      689       66         0
                text3                               635      635       54         0
                text2                               75A      75A       9F         0
                text1                               601      601        8         0
                maintext                            6EF      6EF       6B         0

        CLASS   STRCODE        

        CLASS   STRING         

        CLASS   CONST          

        CLASS   ENTRY          

        CLASS   COMMON         
                cstackCOMMON                         70       70        E         1

        CLASS   BANK0          
                cstackBANK0                          20       20       16         1
                bssBANK0                             36       36        1         1

        CLASS   BANK1          

        CLASS   BANK2          

        CLASS   BANK3          

        CLASS   RAM            

        CLASS   ABS1           
                abs_s1                               7E       7E        2         1

        CLASS   SFR0           

        CLASS   SFR1           

        CLASS   SFR2           

        CLASS   SFR3           

        CLASS   CONFIG         

        CLASS   IDLOC          

        CLASS   EEDATA         

        CLASS   STACK          



SEGMENTS        Name                           Load    Length   Top    Selector   Space  Class     Delta

                reset_vec                      000000  000003  000003         0       0  CODE        2
                cstackBANK0                    000020  000017  000037        20       1  BANK0       1
                cstackCOMMON                   000070  00000E  00007E        70       1  COMMON      1
                text1                          000601  000008  000609       C02       0  CODE        2
                text5                          000609  000014  00061D       C12       0  CODE        2
                text6                          00061D  000018  000635       C3A       0  CODE        2
                text3                          000635  000054  000689       C6A       0  CODE        2
                text4                          000689  000066  0006EF       D12       0  CODE        2
                maintext                       0006EF  00006B  00075A       DDE       0  CODE        2
                text2                          00075A  00009F  0007F9       EB4       0  CODE        2
                cinit                          0007F9  000007  000800       FF2       0  CODE        2


UNUSED ADDRESS RANGES

        Name                Unused          Largest block    Delta
        BANK0            0037-006F             39           1
        BANK1            00A0-00EF             50           1
        BANK2            0110-016F             60           1
        BANK3            0190-01EF             60           1
        CODE             0003-0600            5FE           2
                         0800-1FFF            800
        CONFIG           2007-2007              1           2
        CONST            0003-0600            100           2
                         0800-1FFF            100
        EEDATA           2100-21FF            100           2
        ENTRY            0003-0600            100           2
                         0800-1FFF            100
        IDLOC            2000-2003              4           2
        RAM              0037-006F             39           1
                         00A0-00EF             50
                         0110-016F             60
                         0190-01EF             60
        SFR0             0000-001F             20           1
        SFR1             0080-009F             20           1
        SFR2             0100-010F             10           1
        SFR3             0180-018F             10           1
        STRCODE          0003-0600            5FE           2
                         0800-1FFF           1800
        STRING           0003-0600            100           2
                         0800-1FFF            100

                                  Symbol Table

?___lldiv                   cstackCOMMON 0070
?___llmod                   cstackCOMMON 0070
MAX7219_write@data1         cstackCOMMON 0074
MAX7219_write@reg1          cstackCOMMON 0075
Max7219Print@Number         cstackBANK0  0020
Max7219Print@NumberOfDigits cstackBANK0  0024
Max7219Print@j              cstackBANK0  002E
_MAX7219_write              text5        0609
_Max7219Print               text2        075A
_RA5                        (abs)        002D
_SSPBUF                     (abs)        0013
_SSPCON                     (abs)        0014
_SSPIF                      (abs)        0063
_SSPSTAT                    (abs)        0094
__Habs1                     abs1         0000
__Hbank0                    bank0        0000
__Hbank1                    bank1        0000
__Hbank2                    bank2        0000
__Hbank3                    bank3        0000
__HbssBANK0                 bssBANK0     0000
__Hcinit                    cinit        0800
__Hclrtext                  clrtext      0000
__Hcode                     code         0000
__Hcommon                   common       0000
__HcstackBANK0              cstackBANK0  0000
__HcstackCOMMON             cstackCOMMON 0000
__Heeprom_data              eeprom_data  0000
__Hend_init                 end_init     0003
__Hfunctab                  functab      0000
__Hinit                     init         0000
__Hintentry                 intentry     0000
__Hmaintext                 maintext     0000
__Hpowerup                  powerup      0000
__Hram                      ram          0000
__Hreset_vec                reset_vec    0000
__Hsfr0                     sfr0         0000
__Hsfr1                     sfr1         0000
__Hsfr2                     sfr2         0000
__Hsfr3                     sfr3         0000
__Hspace_0                  (abs)        0800
__Hspace_1                  (abs)        007E
__Hspace_2                  (abs)        0000
__Hspace_3                  (abs)        0000
__Hstack                    stack        0000
__Hstrings                  strings      0000
__Htext                     text         0000
__Labs1                     abs1         0000
__Lbank0                    bank0        0000
__Lbank1                    bank1        0000
__Lbank2                    bank2        0000
__Lbank3                    bank3        0000
__LbssBANK0                 bssBANK0     0000
__Lcinit                    cinit        07F9
__Lclrtext                  clrtext      0000
__Lcode                     code         0000
__Lcommon                   common       0000
__LcstackBANK0              cstackBANK0  0000
__LcstackCOMMON             cstackCOMMON 0000
__Leeprom_data              eeprom_data  0000
__Lend_init                 end_init     0000
__Lfunctab                  functab      0000
__Linit                     init         0000
__Lintentry                 intentry     0000
__Lmaintext                 maintext     0000
__Lpowerup                  powerup      0000
__Lram                      ram          0000
__Lreset_vec                reset_vec    0000
__Lsfr0                     sfr0         0000
__Lsfr1                     sfr1         0000
__Lsfr2                     sfr2         0000
__Lsfr3                     sfr3         0000
__Lspace_0                  (abs)        0000
__Lspace_1                  (abs)        0000
__Lspace_2                  (abs)        0000
__Lspace_3                  (abs)        0000
__Lstack                    stack        0000
__Lstrings                  strings      0000
__Ltext                     text         0000
__S0                        (abs)        0800
__S1                        (abs)        007E
__S3                        (abs)        0000
___int_sp                   stack        0000
___latbits                  (abs)        0002
___lldiv                    text4        0689
___lldiv@counter            cstackCOMMON 007D
___lldiv@dividend           cstackCOMMON 0074
___lldiv@divisor            cstackCOMMON 0070
___lldiv@quotient           cstackCOMMON 0079
___llmod                    text3        0635
___llmod@counter            cstackCOMMON 0079
___llmod@dividend           cstackCOMMON 0074
___llmod@divisor            cstackCOMMON 0070
___sp                       stack        0000
___stackhi                  (abs)        0000
___stacklo                  (abs)        0000
__end_of_MAX7219_write      text5        061D
__end_of_Max7219Print       text2        07F9
__end_of___lldiv            text4        06EF
__end_of___llmod            text3        0689
__end_of__initialization    cinit        07FC
__end_of_main               maintext     075A
__end_of_spiWrite           text6        0635
__end_of_spi_init           text1        0609
__initialization            cinit        07F9
__pbssBANK0                 bssBANK0     0036
__pcstackBANK0              cstackBANK0  0020
__pcstackCOMMON             cstackCOMMON 0070
__pmaintext                 maintext     06EF
__ptext1                    text1        0601
__ptext2                    text2        075A
__ptext3                    text3        0635
__ptext4                    text4        0689
__ptext5                    text5        0609
__ptext6                    text6        061D
_i                          bssBANK0     0036
_main                       maintext     06EF
_spiWrite                   text6        061D
_spi_init                   text1        0601
btemp                       (abs)        007E
end_of_initialization       cinit        07FC
intlevel0                   functab      0000
intlevel1                   functab      0000
intlevel2                   functab      0000
intlevel3                   functab      0000
intlevel4                   functab      0000
intlevel5                   functab      0000
reset_vec                   reset_vec    0000
spiWrite@cmd                cstackCOMMON 0073
start                       init         0000
start_initialization        cinit        07F9
wtemp0                      (abs)        007E


MODULE INFORMATION

Module		Function		Class		Link	Load	Size
C:\Program Files\Microchip\xc8\v2.40\pic\sources\c90\common\__lldiv.c
		___lldiv       		CODE           	0689	0000	102

C:\Program Files\Microchip\xc8\v2.40\pic\sources\c90\common\__lldiv.c estimated size: 102

max.c
		_spiWrite      		CODE           	061D	0000	24
		_main          		CODE           	06EF	0000	107
		_spi_init      		CODE           	0601	0000	8
		_Max7219Print  		CODE           	075A	0000	159
		_MAX7219_write 		CODE           	0609	0000	20

max.c estimated size: 318

shared
		__initialization		CODE           	07F9	0000	3

shared estimated size: 3

C:\Program Files\Microchip\xc8\v2.40\pic\sources\c90\common\llmod.c
		___llmod       		CODE           	0635	0000	84

C:\Program Files\Microchip\xc8\v2.40\pic\sources\c90\common\llmod.c estimated size: 84

